2025-09-25 14:14:03,840 - SUPABASE_CRUD - INFO - create_database_engine:78 - 🔍 비동기 데이터베이스 연결 시도 postgresql://postgres.yskotbxdlxyzpnwhxucs:pass1812!!@aws-1-ap-northeast-2.pooler.supabase.com:5432/postgres
2025-09-25 14:14:03,905 - SUPABASE_CRUD - ERROR - create_database_engine:98 - ❌ 비동기 연결 실패: The asyncio extension requires an async driver to be used. The loaded 'psycopg2' is not async.
2025-09-25 14:16:25,792 - SUPABASE_CRUD - INFO - create_database_engine:85 - 🔍 비동기 데이터베이스 연결 시도 postgresql://postgres.yskotbxdlxyzpnwhxucs:pass1812!!@aws-1-ap-northeast-2.pooler.supabase.com:5432/postgres
2025-09-25 14:16:25,841 - SUPABASE_CRUD - ERROR - create_database_engine:107 - ❌ 비동기 연결 실패: The asyncio extension requires an async driver to be used. The loaded 'psycopg2' is not async.
2025-09-25 14:17:09,887 - SUPABASE_CRUD - INFO - create_database_engine:86 - 🔍 비동기 데이터베이스 연결 시도 postgresql://postgres.yskotbxdlxyzpnwhxucs:pass1812!!@aws-1-ap-northeast-2.pooler.supabase.com:5432/postgres
2025-09-25 14:17:09,928 - SUPABASE_CRUD - ERROR - create_database_engine:108 - ❌ 비동기 연결 실패: The asyncio extension requires an async driver to be used. The loaded 'psycopg2' is not async.
2025-09-25 14:23:41,723 - SUPABASE_CRUD - INFO - create_database_engine:87 - 🔍 비동기 데이터베이스 연결 시도 postgresql+asyncpg://postgres.yskotbxdlxyzpnwhxucs:pass1812!!@aws-1-ap-northeast-2.pooler.supabase.com:5432/postgres
2025-09-25 14:23:41,881 - SUPABASE_CRUD - ERROR - create_database_engine:109 - ❌ 비동기 연결 실패: Invalid argument(s) 'client_encoding' sent to create_engine(), using configuration PGDialect_asyncpg/NullPool/Engine.  Please check that the keyword arguments are appropriate for this combination of components.
2025-09-25 14:24:51,310 - SUPABASE_CRUD - INFO - create_database_engine:87 - 🔍 비동기 데이터베이스 연결 시도 postgresql+asyncpg://postgres.yskotbxdlxyzpnwhxucs:pass1812!!@aws-1-ap-northeast-2.pooler.supabase.com:5432/postgres
2025-09-25 14:24:51,381 - SUPABASE_CRUD - INFO - create_database_engine:106 - ✅ 비동기 데이터베이스 연결 성공!
2025-09-25 14:24:51,382 - SUPABASE_CRUD - INFO - <module>:119 - ✅ 비동기 데이터베이스 엔진 생성 완료
2025-09-25 14:29:08,136 - SUPABASE_CRUD - INFO - create_database_engine:87 - 🔍 비동기 데이터베이스 연결 시도 postgresql+asyncpg://postgres.yskotbxdlxyzpnwhxucs:pass1812!!@aws-1-ap-northeast-2.pooler.supabase.com:5432/postgres
2025-09-25 14:29:08,201 - SUPABASE_CRUD - INFO - create_database_engine:106 - ✅ 비동기 데이터베이스 연결 성공!
2025-09-25 14:29:08,201 - SUPABASE_CRUD - INFO - <module>:119 - ✅ 비동기 데이터베이스 엔진 생성 완료
2025-09-25 14:30:03,835 - SUPABASE_CRUD - INFO - create_database_engine:87 - 🔍 비동기 데이터베이스 연결 시도 postgresql+asyncpg://postgres.yskotbxdlxyzpnwhxucs:pass1812!!@aws-1-ap-northeast-2.pooler.supabase.com:5432/postgres
2025-09-25 14:30:03,906 - SUPABASE_CRUD - INFO - create_database_engine:106 - ✅ 비동기 데이터베이스 연결 성공!
2025-09-25 14:30:03,906 - SUPABASE_CRUD - INFO - <module>:119 - ✅ 비동기 데이터베이스 엔진 생성 완료
2025-09-25 14:30:03,970 - SUPABASE_CRUD - INFO - create_database_engine:87 - 🔍 비동기 데이터베이스 연결 시도 postgresql+asyncpg://postgres.yskotbxdlxyzpnwhxucs:pass1812!!@aws-1-ap-northeast-2.pooler.supabase.com:5432/postgres
2025-09-25 14:30:03,970 - SUPABASE_CRUD - INFO - create_database_engine:87 - 🔍 비동기 데이터베이스 연결 시도 postgresql+asyncpg://postgres.yskotbxdlxyzpnwhxucs:pass1812!!@aws-1-ap-northeast-2.pooler.supabase.com:5432/postgres
2025-09-25 14:30:03,971 - SUPABASE_CRUD - INFO - create_database_engine:106 - ✅ 비동기 데이터베이스 연결 성공!
2025-09-25 14:30:03,971 - SUPABASE_CRUD - INFO - create_database_engine:106 - ✅ 비동기 데이터베이스 연결 성공!
2025-09-25 14:30:03,971 - SUPABASE_CRUD - INFO - <module>:119 - ✅ 비동기 데이터베이스 엔진 생성 완료
2025-09-25 14:30:03,971 - SUPABASE_CRUD - INFO - <module>:119 - ✅ 비동기 데이터베이스 엔진 생성 완료
2025-09-25 14:38:12,703 - SUPABASE_CRUD - ERROR - get_async_db:127 - ⚠️ 데이터베이스 오류: 'User' object has no attribute 'vars'
2025-09-25 14:38:12,703 - SUPABASE_CRUD - ERROR - get_async_db:127 - ⚠️ 데이터베이스 오류: 'User' object has no attribute 'vars'
2025-09-25 14:43:48,996 - SUPABASE_CRUD - INFO - create_database_engine:87 - 🔍 비동기 데이터베이스 연결 시도 postgresql+asyncpg://postgres.yskotbxdlxyzpnwhxucs:pass1812!!@aws-1-ap-northeast-2.pooler.supabase.com:5432/postgres
2025-09-25 14:43:49,060 - SUPABASE_CRUD - INFO - create_database_engine:106 - ✅ 비동기 데이터베이스 연결 성공!
2025-09-25 14:43:49,060 - SUPABASE_CRUD - INFO - <module>:119 - ✅ 비동기 데이터베이스 엔진 생성 완료
2025-09-25 14:43:49,125 - SUPABASE_CRUD - INFO - create_database_engine:87 - 🔍 비동기 데이터베이스 연결 시도 postgresql+asyncpg://postgres.yskotbxdlxyzpnwhxucs:pass1812!!@aws-1-ap-northeast-2.pooler.supabase.com:5432/postgres
2025-09-25 14:43:49,125 - SUPABASE_CRUD - INFO - create_database_engine:87 - 🔍 비동기 데이터베이스 연결 시도 postgresql+asyncpg://postgres.yskotbxdlxyzpnwhxucs:pass1812!!@aws-1-ap-northeast-2.pooler.supabase.com:5432/postgres
2025-09-25 14:43:49,126 - SUPABASE_CRUD - INFO - create_database_engine:106 - ✅ 비동기 데이터베이스 연결 성공!
2025-09-25 14:43:49,126 - SUPABASE_CRUD - INFO - create_database_engine:106 - ✅ 비동기 데이터베이스 연결 성공!
2025-09-25 14:43:49,126 - SUPABASE_CRUD - INFO - <module>:119 - ✅ 비동기 데이터베이스 엔진 생성 완료
2025-09-25 14:43:49,126 - SUPABASE_CRUD - INFO - <module>:119 - ✅ 비동기 데이터베이스 엔진 생성 완료
2025-09-25 14:44:16,537 - SUPABASE_CRUD - ERROR - get_async_db:127 - ⚠️ 데이터베이스 오류: 'DataCrud' object has no attribute 'get_users'
2025-09-25 14:44:16,537 - SUPABASE_CRUD - ERROR - get_async_db:127 - ⚠️ 데이터베이스 오류: 'DataCrud' object has no attribute 'get_users'
2025-09-25 15:16:28,375 - SUPABASE_CRUD - INFO - create_database_engine:87 - 🔍 비동기 데이터베이스 연결 시도 postgresql+asyncpg://postgres.yskotbxdlxyzpnwhxucs:pass1812!!@aws-1-ap-northeast-2.pooler.supabase.com:5432/postgres
2025-09-25 15:16:28,553 - SUPABASE_CRUD - INFO - create_database_engine:106 - ✅ 비동기 데이터베이스 연결 성공!
2025-09-25 15:16:28,553 - SUPABASE_CRUD - INFO - <module>:119 - ✅ 비동기 데이터베이스 엔진 생성 완료
2025-09-25 15:16:28,742 - SUPABASE_CRUD - INFO - create_database_engine:87 - 🔍 비동기 데이터베이스 연결 시도 postgresql+asyncpg://postgres.yskotbxdlxyzpnwhxucs:pass1812!!@aws-1-ap-northeast-2.pooler.supabase.com:5432/postgres
2025-09-25 15:16:28,742 - SUPABASE_CRUD - INFO - create_database_engine:87 - 🔍 비동기 데이터베이스 연결 시도 postgresql+asyncpg://postgres.yskotbxdlxyzpnwhxucs:pass1812!!@aws-1-ap-northeast-2.pooler.supabase.com:5432/postgres
2025-09-25 15:16:28,743 - SUPABASE_CRUD - INFO - create_database_engine:106 - ✅ 비동기 데이터베이스 연결 성공!
2025-09-25 15:16:28,743 - SUPABASE_CRUD - INFO - create_database_engine:106 - ✅ 비동기 데이터베이스 연결 성공!
2025-09-25 15:16:28,743 - SUPABASE_CRUD - INFO - <module>:119 - ✅ 비동기 데이터베이스 엔진 생성 완료
2025-09-25 15:16:28,743 - SUPABASE_CRUD - INFO - <module>:119 - ✅ 비동기 데이터베이스 엔진 생성 완료
2025-09-25 15:16:51,428 - SUPABASE_CRUD - ERROR - get_async_db:127 - ⚠️ 데이터베이스 오류: DataCrud.get_users() got an unexpected keyword argument 'skip'
2025-09-25 15:16:51,428 - SUPABASE_CRUD - ERROR - get_async_db:127 - ⚠️ 데이터베이스 오류: DataCrud.get_users() got an unexpected keyword argument 'skip'
2025-09-25 15:19:20,183 - SUPABASE_CRUD - INFO - create_database_engine:87 - 🔍 비동기 데이터베이스 연결 시도 postgresql+asyncpg://postgres.yskotbxdlxyzpnwhxucs:pass1812!!@aws-1-ap-northeast-2.pooler.supabase.com:5432/postgres
2025-09-25 15:19:20,248 - SUPABASE_CRUD - INFO - create_database_engine:106 - ✅ 비동기 데이터베이스 연결 성공!
2025-09-25 15:19:20,249 - SUPABASE_CRUD - INFO - <module>:119 - ✅ 비동기 데이터베이스 엔진 생성 완료
2025-09-25 15:19:20,309 - SUPABASE_CRUD - INFO - create_database_engine:87 - 🔍 비동기 데이터베이스 연결 시도 postgresql+asyncpg://postgres.yskotbxdlxyzpnwhxucs:pass1812!!@aws-1-ap-northeast-2.pooler.supabase.com:5432/postgres
2025-09-25 15:19:20,309 - SUPABASE_CRUD - INFO - create_database_engine:87 - 🔍 비동기 데이터베이스 연결 시도 postgresql+asyncpg://postgres.yskotbxdlxyzpnwhxucs:pass1812!!@aws-1-ap-northeast-2.pooler.supabase.com:5432/postgres
2025-09-25 15:19:20,310 - SUPABASE_CRUD - INFO - create_database_engine:106 - ✅ 비동기 데이터베이스 연결 성공!
2025-09-25 15:19:20,310 - SUPABASE_CRUD - INFO - create_database_engine:106 - ✅ 비동기 데이터베이스 연결 성공!
2025-09-25 15:19:20,310 - SUPABASE_CRUD - INFO - <module>:119 - ✅ 비동기 데이터베이스 엔진 생성 완료
2025-09-25 15:19:20,310 - SUPABASE_CRUD - INFO - <module>:119 - ✅ 비동기 데이터베이스 엔진 생성 완료
2025-09-25 15:19:25,447 - SUPABASE_CRUD - ERROR - get_async_db:127 - ⚠️ 데이터베이스 오류: 'AsyncSession' object has no attribute 'exec'
2025-09-25 15:19:25,447 - SUPABASE_CRUD - ERROR - get_async_db:127 - ⚠️ 데이터베이스 오류: 'AsyncSession' object has no attribute 'exec'
2025-09-25 15:20:57,044 - SUPABASE_CRUD - INFO - create_database_engine:87 - 🔍 비동기 데이터베이스 연결 시도 postgresql+asyncpg://postgres.yskotbxdlxyzpnwhxucs:pass1812!!@aws-1-ap-northeast-2.pooler.supabase.com:5432/postgres
2025-09-25 15:20:57,110 - SUPABASE_CRUD - INFO - create_database_engine:106 - ✅ 비동기 데이터베이스 연결 성공!
2025-09-25 15:20:57,111 - SUPABASE_CRUD - INFO - <module>:119 - ✅ 비동기 데이터베이스 엔진 생성 완료
2025-09-25 15:20:57,177 - SUPABASE_CRUD - INFO - create_database_engine:87 - 🔍 비동기 데이터베이스 연결 시도 postgresql+asyncpg://postgres.yskotbxdlxyzpnwhxucs:pass1812!!@aws-1-ap-northeast-2.pooler.supabase.com:5432/postgres
2025-09-25 15:20:57,177 - SUPABASE_CRUD - INFO - create_database_engine:87 - 🔍 비동기 데이터베이스 연결 시도 postgresql+asyncpg://postgres.yskotbxdlxyzpnwhxucs:pass1812!!@aws-1-ap-northeast-2.pooler.supabase.com:5432/postgres
2025-09-25 15:20:57,179 - SUPABASE_CRUD - INFO - create_database_engine:106 - ✅ 비동기 데이터베이스 연결 성공!
2025-09-25 15:20:57,179 - SUPABASE_CRUD - INFO - create_database_engine:106 - ✅ 비동기 데이터베이스 연결 성공!
2025-09-25 15:20:57,180 - SUPABASE_CRUD - INFO - <module>:119 - ✅ 비동기 데이터베이스 엔진 생성 완료
2025-09-25 15:20:57,180 - SUPABASE_CRUD - INFO - <module>:119 - ✅ 비동기 데이터베이스 엔진 생성 완료
2025-09-25 15:21:05,401 - SUPABASE_CRUD - ERROR - get_async_db:127 - ⚠️ 데이터베이스 오류: 'coroutine' object has no attribute 'all'
2025-09-25 15:21:05,401 - SUPABASE_CRUD - ERROR - get_async_db:127 - ⚠️ 데이터베이스 오류: 'coroutine' object has no attribute 'all'
2025-09-25 15:22:05,110 - SUPABASE_CRUD - INFO - create_database_engine:87 - 🔍 비동기 데이터베이스 연결 시도 postgresql+asyncpg://postgres.yskotbxdlxyzpnwhxucs:pass1812!!@aws-1-ap-northeast-2.pooler.supabase.com:5432/postgres
2025-09-25 15:22:05,178 - SUPABASE_CRUD - INFO - create_database_engine:106 - ✅ 비동기 데이터베이스 연결 성공!
2025-09-25 15:22:05,178 - SUPABASE_CRUD - INFO - <module>:119 - ✅ 비동기 데이터베이스 엔진 생성 완료
2025-09-25 15:22:05,236 - SUPABASE_CRUD - INFO - create_database_engine:87 - 🔍 비동기 데이터베이스 연결 시도 postgresql+asyncpg://postgres.yskotbxdlxyzpnwhxucs:pass1812!!@aws-1-ap-northeast-2.pooler.supabase.com:5432/postgres
2025-09-25 15:22:05,236 - SUPABASE_CRUD - INFO - create_database_engine:87 - 🔍 비동기 데이터베이스 연결 시도 postgresql+asyncpg://postgres.yskotbxdlxyzpnwhxucs:pass1812!!@aws-1-ap-northeast-2.pooler.supabase.com:5432/postgres
2025-09-25 15:22:05,237 - SUPABASE_CRUD - INFO - create_database_engine:106 - ✅ 비동기 데이터베이스 연결 성공!
2025-09-25 15:22:05,237 - SUPABASE_CRUD - INFO - create_database_engine:106 - ✅ 비동기 데이터베이스 연결 성공!
2025-09-25 15:22:05,237 - SUPABASE_CRUD - INFO - <module>:119 - ✅ 비동기 데이터베이스 엔진 생성 완료
2025-09-25 15:22:05,237 - SUPABASE_CRUD - INFO - <module>:119 - ✅ 비동기 데이터베이스 엔진 생성 완료
2025-09-25 15:22:12,423 - SUPABASE_CRUD - ERROR - get_async_db:127 - ⚠️ 데이터베이스 오류: (sqlalchemy.dialects.postgresql.asyncpg.ProgrammingError) <class 'asyncpg.exceptions.UndefinedTableError'>: relation "user" does not exist
[SQL: SELECT "user"."userId", "user".name, "user".email, "user".ref, "user".data, "user".created_at, "user".updated_at 
FROM "user" 
 LIMIT $1::INTEGER OFFSET $2::INTEGER]
[parameters: (50, 0)]
(Background on this error at: https://sqlalche.me/e/20/f405)
2025-09-25 15:22:12,423 - SUPABASE_CRUD - ERROR - get_async_db:127 - ⚠️ 데이터베이스 오류: (sqlalchemy.dialects.postgresql.asyncpg.ProgrammingError) <class 'asyncpg.exceptions.UndefinedTableError'>: relation "user" does not exist
[SQL: SELECT "user"."userId", "user".name, "user".email, "user".ref, "user".data, "user".created_at, "user".updated_at 
FROM "user" 
 LIMIT $1::INTEGER OFFSET $2::INTEGER]
[parameters: (50, 0)]
(Background on this error at: https://sqlalche.me/e/20/f405)
2025-09-25 16:47:47,582 - SUPABASE_CRUD - INFO - create_database_engine:87 - 🔍 비동기 데이터베이스 연결 시도 postgresql+asyncpg://postgres.yskotbxdlxyzpnwhxucs:pass1812!!@aws-1-ap-northeast-2.pooler.supabase.com:5432/postgres
2025-09-25 16:47:47,652 - SUPABASE_CRUD - INFO - create_database_engine:106 - ✅ 비동기 데이터베이스 연결 성공!
2025-09-25 16:47:47,652 - SUPABASE_CRUD - INFO - <module>:119 - ✅ 비동기 데이터베이스 엔진 생성 완료
2025-09-25 16:47:47,710 - SUPABASE_CRUD - INFO - create_database_engine:87 - 🔍 비동기 데이터베이스 연결 시도 postgresql+asyncpg://postgres.yskotbxdlxyzpnwhxucs:pass1812!!@aws-1-ap-northeast-2.pooler.supabase.com:5432/postgres
2025-09-25 16:47:47,710 - SUPABASE_CRUD - INFO - create_database_engine:87 - 🔍 비동기 데이터베이스 연결 시도 postgresql+asyncpg://postgres.yskotbxdlxyzpnwhxucs:pass1812!!@aws-1-ap-northeast-2.pooler.supabase.com:5432/postgres
2025-09-25 16:47:47,710 - SUPABASE_CRUD - INFO - create_database_engine:106 - ✅ 비동기 데이터베이스 연결 성공!
2025-09-25 16:47:47,710 - SUPABASE_CRUD - INFO - create_database_engine:106 - ✅ 비동기 데이터베이스 연결 성공!
2025-09-25 16:47:47,710 - SUPABASE_CRUD - INFO - <module>:119 - ✅ 비동기 데이터베이스 엔진 생성 완료
2025-09-25 16:47:47,710 - SUPABASE_CRUD - INFO - <module>:119 - ✅ 비동기 데이터베이스 엔진 생성 완료
